// Vitest Snapshot v1, https://vitest.dev/guide/snapshot.html

exports[`should match snapshot 1`] = `
<DocumentFragment>
  <div
    class="item-list-div"
  >
    <div
      class="front-item-list"
    >
      <div
        class="front-item-card"
        id="item-3"
      >
        <h3>
          <a
            href="/items/3"
          >
            i3
          </a>
        </h3>
        <p>
          <b>
            Price: 
          </b>
           $100
        </p>
        <img
          height="200"
          src="test_url_3"
          width="200"
        />
        <div
          class="item-location-div"
        >
          <p>
            <b>
              Location:
            </b>
             city2, state2, country2
          </p>
        </div>
      </div>
      <div
        class="front-item-card"
        id="item-2"
      >
        <h3>
          <a
            href="/items/2"
          >
            i2
          </a>
        </h3>
        <p>
          <b>
            Price: 
          </b>
           $100
        </p>
        <img
          height="200"
          src="test_url_2"
          width="200"
        />
        <div
          class="item-location-div"
        >
          <p>
            <b>
              Location:
            </b>
             city1, state1, country1
          </p>
        </div>
      </div>
      <div
        class="front-item-card"
        id="item-1"
      >
        <h3>
          <a
            href="/items/1"
          >
            i1
          </a>
        </h3>
        <p>
          <b>
            Price: 
          </b>
           $100
        </p>
        <img
          height="200"
          src="test_url_1"
          width="200"
        />
        <div
          class="item-location-div"
        >
          <p>
            <b>
              Location:
            </b>
             city1, state1, country1
          </p>
        </div>
      </div>
    </div>
  </div>
</DocumentFragment>
`;
