// Vitest Snapshot v1, https://vitest.dev/guide/snapshot.html

exports[`should match snapshot 1`] = `
<DocumentFragment>
  <div
    class="user-card"
  >
    <h2>
       
      <a
        href="/users/u1"
      >
        u1
      </a>
    </h2>
    <ul>
      <li>
        <b>
          First Name: 
        </b>
         fn1
      </li>
      <li>
        <b>
          Last Name: 
        </b>
         ln1
      </li>
      <li>
        <b>
          Email Address: 
        </b>
         testemail1@gmail.com
      </li>
    </ul>
    <ul>
      <li>
        <b>
          Status: 
        </b>
         User
      </li>
      <li>
        <b>
          Average User Rating: 
        </b>
        10/10⭐⭐⭐⭐⭐
      </li>
    </ul>
  </div>
</DocumentFragment>
`;
